// Jest Snapshot v1, https://goo.gl/fbAQLP

exports[`<Pagination/> loads and renders 1`] = `
<div
  className="PaginationStyles-aduuar-0 ewJsCc"
  data-test="pagination"
>
  <SideEffect(Head)>
    <Head />
  </SideEffect(Head)>
  <Link
    href={
      Object {
        "pathName": "/items",
        "query": Object {
          "page": 0,
        },
      }
    }
    prefetch={true}
  >
    <a
      aria-disabled={true}
      className="prev"
      href="?page=0"
      onClick={[Function]}
    >
      Prev
    </a>
  </Link>
  <p>
    1
     of 
    <span
      className="totalPages"
    >
      5
    </span>
  </p>
  <Link
    href={
      Object {
        "pathName": "/items",
        "query": Object {
          "page": 2,
        },
      }
    }
    prefetch={true}
  >
    <a
      aria-disabled={false}
      className="next"
      href="?page=2"
      onClick={[Function]}
    >
      Next
    </a>
  </Link>
</div>
`;
