// Jest Snapshot v1, https://goo.gl/fbAQLP

exports[`<RemoveFromCart/> renders and matches snapshot 1`] = `
<MockedProvider
  addTypename={true}
>
  <ApolloProvider
    client={
      ApolloClient {
        "__operations_cache__": Map {},
        "cache": InMemoryCache {
          "addTypename": true,
          "config": Object {
            "addTypename": true,
            "dataIdFromObject": [Function],
            "fragmentMatcher": HeuristicFragmentMatcher {},
            "storeFactory": [Function],
          },
          "data": ObjectCache {
            "data": Object {},
          },
          "optimistic": Array [],
          "silenceBroadcast": false,
          "typenameDocumentCache": WeakMap {},
          "watches": Array [],
        },
        "defaultOptions": Object {},
        "disableNetworkFetches": false,
        "link": ApolloLink {
          "request": [Function],
        },
        "mutate": [Function],
        "query": [Function],
        "queryDeduplication": true,
        "reFetchObservableQueries": [Function],
        "resetStore": [Function],
        "resetStoreCallbacks": Array [],
        "ssrMode": false,
        "store": DataStore {
          "cache": InMemoryCache {
            "addTypename": true,
            "config": Object {
              "addTypename": true,
              "dataIdFromObject": [Function],
              "fragmentMatcher": HeuristicFragmentMatcher {},
              "storeFactory": [Function],
            },
            "data": ObjectCache {
              "data": Object {},
            },
            "optimistic": Array [],
            "silenceBroadcast": false,
            "typenameDocumentCache": WeakMap {},
            "watches": Array [],
          },
        },
        "version": "2.4.2",
        "watchQuery": [Function],
      }
    }
  >
    <RemoveFromCart
      id="omg123"
    >
      <Mutation
        mutation={
          Object {
            "definitions": Array [
              Object {
                "directives": Array [],
                "kind": "OperationDefinition",
                "name": Object {
                  "kind": "Name",
                  "value": "REMOVE_FROM_CART_MUTATION",
                },
                "operation": "mutation",
                "selectionSet": Object {
                  "kind": "SelectionSet",
                  "selections": Array [
                    Object {
                      "alias": undefined,
                      "arguments": Array [
                        Object {
                          "kind": "Argument",
                          "name": Object {
                            "kind": "Name",
                            "value": "id",
                          },
                          "value": Object {
                            "kind": "Variable",
                            "name": Object {
                              "kind": "Name",
                              "value": "id",
                            },
                          },
                        },
                      ],
                      "directives": Array [],
                      "kind": "Field",
                      "name": Object {
                        "kind": "Name",
                        "value": "removeFromCart",
                      },
                      "selectionSet": Object {
                        "kind": "SelectionSet",
                        "selections": Array [
                          Object {
                            "alias": undefined,
                            "arguments": Array [],
                            "directives": Array [],
                            "kind": "Field",
                            "name": Object {
                              "kind": "Name",
                              "value": "id",
                            },
                            "selectionSet": undefined,
                          },
                        ],
                      },
                    },
                  ],
                },
                "variableDefinitions": Array [
                  Object {
                    "defaultValue": undefined,
                    "kind": "VariableDefinition",
                    "type": Object {
                      "kind": "NonNullType",
                      "type": Object {
                        "kind": "NamedType",
                        "name": Object {
                          "kind": "Name",
                          "value": "ID",
                        },
                      },
                    },
                    "variable": Object {
                      "kind": "Variable",
                      "name": Object {
                        "kind": "Name",
                        "value": "id",
                      },
                    },
                  },
                ],
              },
            ],
            "kind": "Document",
            "loc": Object {
              "end": 115,
              "start": 0,
            },
          }
        }
        optimisticResponse={
          Object {
            "__typename": "Mutation",
            "removeFromCart": Object {
              "__typename": "CartItem",
              "id": "omg123",
            },
          }
        }
        update={[Function]}
      >
        <RemoveFromCart__BigButton
          disabled={false}
          onClick={[Function]}
          title="Delete Item"
        >
          <button
            className="RemoveFromCart__BigButton-emvtd6-0 gPWNSn"
            disabled={false}
            onClick={[Function]}
            title="Delete Item"
          >
             Ã—
          </button>
        </RemoveFromCart__BigButton>
      </Mutation>
    </RemoveFromCart>
  </ApolloProvider>
</MockedProvider>
`;
